[36mvite v7.3.1 [32mbuilding client environment for production...[36m[39m
transforming...
[32mÔ£ô[39m 22 modules transformed.
node.exe : [31mÔ£ù[39m 
Build failed in 658ms
At line:1 char:1
+ & "C:\Program 
Files\nodejs/node.exe" 
"C:\Program 
Files\nodejs/node_mo ...
+ ~~~~~~~~~~~~~~~~~~~~~~~~
~~~~~~~~~~~~~~~~~~~~~~~~~~
~~~~~~~~~~~~~~~~~~~
    + CategoryInfo        
      : NotSpecified: (  
  [31mÔ£ù[39m Build fa   
 iled in 658ms:String)    
 [], RemoteException
    + FullyQualifiedError 
   Id : NativeCommandErr  
  or
 
[31merror during build:
[31m[vite:esbuild] 
Transform failed with 2 
errors:
C:/Users/PC/Desktop/projel
er/uTube/frontend/src/comp
onents/Sidebar.jsx:614:18:
 ERROR: Unexpected 
closing "div" tag does 
not match opening 
"motion.aside" tag
C:/Users/PC/Desktop/projel
er/uTube/frontend/src/comp
onents/Sidebar.jsx:615:22:
 ERROR: Unterminated 
regular expression[31m
file: [36mC:/Users/PC/Des
ktop/projeler/uTube/fronte
nd/src/components/Sidebar.
jsx:614:18[31m
[33m
[33mUnexpected closing 
"div" tag does not match 
opening "motion.aside" 
tag[33m
612 |                     
         <EmptyState 
label="No blocked 
channels" />
613 |                     
     )}
614 |                  
</div>
    |                    ^
615 |                  
</div>
616 |  

[33mUnterminated regular 
expression[33m
613 |                     
     )}
614 |                  
</div>
615 |                  
</div>
    |                     
   ^
616 |  
617 |                  
{/* Bottom fade mask */ }
[31m
    at 
failureErrorWithLog (C:\Us
ers\PC\Desktop\projeler\uT
ube\node_modules\esbuild\l
ib\main.js:1467:15)
    at C:\Users\PC\Desktop
\projeler\uTube\node_modul
es\esbuild\lib\main.js:736
:50
    at responseCallbacks.<
computed> (C:\Users\PC\Des
ktop\projeler\uTube\node_m
odules\esbuild\lib\main.js
:603:9)
    at 
handleIncomingPacket (C:\U
sers\PC\Desktop\projeler\u
Tube\node_modules\esbuild\
lib\main.js:658:12)
    at 
Socket.readFromStdout (C:\
Users\PC\Desktop\projeler\
uTube\node_modules\esbuild
\lib\main.js:581:7)
    at Socket.emit 
(node:events:508:20)
    at addChunk (node:inte
rnal/streams/readable:564:
12)
    at readableAddChunkPus
hByteMode (node:internal/s
treams/readable:515:3)
    at Readable.push (node
:internal/streams/readable
:395:5)
    at Pipe.onStreamRead (
node:internal/stream_base_
commons:189:23)[39m
