﻿
> frontend@0.0.0 build
> vite build

[36mvite v7.3.1 [32mbuilding client environment for production...[36m[39m
transforming...
[32mÔ£ô[39m 27 modules transformed.
node.exe : [31mÔ£ù[39m 
Build failed in 797ms
At line:1 char:1
+ & "C:\Program 
Files\nodejs/node.exe" 
"C:\Program 
Files\nodejs/node_mo ...
+ ~~~~~~~~~~~~~~~~~~~~~~~~
~~~~~~~~~~~~~~~~~~~~~~~~~~
~~~~~~~~~~~~~~~~~~~
    + CategoryInfo        
      : NotSpecified: (  
  [31mÔ£ù[39m Build fa   
 iled in 797ms:String)    
 [], RemoteException
    + FullyQualifiedError 
   Id : NativeCommandErr  
  or
 
[31merror during build:
[31m[vite:esbuild] 
Transform failed with 3 
errors:
C:/Users/PC/Desktop/projel
er/uTube/frontend/src/comp
onents/Sidebar.jsx:487:18:
 ERROR: Unexpected 
closing "Link" tag does 
not match opening 
"motion.aside" tag
C:/Users/PC/Desktop/projel
er/uTube/frontend/src/comp
onents/Sidebar.jsx:598:10:
 ERROR: Unexpected 
closing "div" tag does 
not match opening 
"AnimatePresence" tag
C:/Users/PC/Desktop/projel
er/uTube/frontend/src/comp
onents/Sidebar.jsx:600:4: 
ERROR: Expected ")" but 
found "{"[31m
file: [36mC:/Users/PC/Des
ktop/projeler/uTube/fronte
nd/src/components/Sidebar.
jsx:487:18[31m
[33m
[33mUnexpected closing 
"Link" tag does not match 
opening "motion.aside" 
tag[33m
485 |                     
     <path 
strokeLinecap="round" 
strokeLinejoin="round" 
strokeWidth={2.5} d="M9 
5l7 7-7 7" />
486 |                     
 </svg>
487 |                  
</Link>
    |                    ^
488 |              )
489 |              }

[33mUnexpected closing 
"div" tag does not match 
opening "AnimatePresence" 
tag[33m
596 |              }
597 |  
598 |          </div >
    |            ^
599 |  
600 |      {/* Bottom 
fade mask */ }

[33mExpected ")" but 
found "{"[33m
598 |          </div >
599 |  
600 |      {/* Bottom 
fade mask */ }
    |      ^
601 |      < div
602 |          
className="h-10 shrink-0 
pointer-events-none"
[31m
    at 
failureErrorWithLog (C:\Us
ers\PC\Desktop\projeler\uT
ube\node_modules\esbuild\l
ib\main.js:1467:15)
    at C:\Users\PC\Desktop
\projeler\uTube\node_modul
es\esbuild\lib\main.js:736
:50
    at responseCallbacks.<
computed> (C:\Users\PC\Des
ktop\projeler\uTube\node_m
odules\esbuild\lib\main.js
:603:9)
    at 
handleIncomingPacket (C:\U
sers\PC\Desktop\projeler\u
Tube\node_modules\esbuild\
lib\main.js:658:12)
    at 
Socket.readFromStdout (C:\
Users\PC\Desktop\projeler\
uTube\node_modules\esbuild
\lib\main.js:581:7)
    at Socket.emit 
(node:events:508:20)
    at addChunk (node:inte
rnal/streams/readable:564:
12)
    at readableAddChunkPus
hByteMode (node:internal/s
treams/readable:515:3)
    at Readable.push (node
:internal/streams/readable
:395:5)
    at Pipe.onStreamRead (
node:internal/stream_base_
commons:189:23)[39m
npm error Lifecycle 
script `build` failed 
with error:
npm error code 1
npm error path C:\Users\PC
\Desktop\projeler\uTube\fr
ontend
npm error workspace 
frontend@0.0.0
npm error location C:\User
s\PC\Desktop\projeler\uTub
e\frontend
npm error command failed
npm error command C:\Windo
ws\system32\cmd.exe /d /s 
/c vite build
